// Jest Snapshot v1, https://goo.gl/fbAQLP

exports[`BookShelf should render book shelf 1`] = `
<div
  className="main-body"
/>
`;
