// Jest Snapshot v1, https://goo.gl/fbAQLP

exports[`GroupBookCards should render Group books card 1`] = `
<div
  className="group-by-author"
>
  <fieldset>
    <legend />
    <div
      className="all-cards"
    >
      <div
        className="card-body"
      >
        <div
          className="card-image"
        >
          <img
            alt=""
            src="./images/cover_image.jpeg"
          />
        </div>
        <div
          className="card-text-title"
        >
          Harry Potter and the Sorcerers Stone (Harry Potter, #1)
        </div>
        <div
          className="card-footer"
        >
          <div
            className="card-text-rating"
          >
            4.45
          </div>
          <div
            className="card-like"
          >
            <div
              className="card-reaction"
            >
              <img
                alt="Press for like"
                className="icon-heart"
                onClick={[Function]}
                src="./icons/heart-black.svg"
              />
            </div>
          </div>
        </div>
      </div>
      <div
        className="card-body1"
      >
        <div
          className="card-image"
        >
          <img
            alt=""
            src="./images/cover_image.jpeg"
          />
        </div>
        <div
          className="card-text-title"
        >
          Harry Potter and the Chamber of Secrets (Harry Potter, #2)
        </div>
        <div
          className="card-footer"
        >
          <div
            className="card-text-rating"
          >
            4.38
          </div>
          <div
            className="card-like"
          >
            <div
              className="card-reaction"
            >
              <img
                alt="Press for like"
                className="icon-heart"
                onClick={[Function]}
                src="./icons/heart-black.svg"
              />
            </div>
          </div>
        </div>
      </div>
      <div
        className="card-body"
      >
        <div
          className="card-image"
        >
          <img
            alt=""
            src="./images/cover_image.jpeg"
          />
        </div>
        <div
          className="card-text-title"
        >
          Harry Potter and the Prisoner of Azkaban (Harry Potter, #3)
        </div>
        <div
          className="card-footer"
        >
          <div
            className="card-text-rating"
          >
            4.54
          </div>
          <div
            className="card-like"
          >
            <div
              className="card-reaction"
            >
              <img
                alt="Press for like"
                className="icon-heart"
                onClick={[Function]}
                src="./icons/heart-black.svg"
              />
            </div>
          </div>
        </div>
      </div>
      <div
        className="card-body1"
      >
        <div
          className="card-image"
        >
          <img
            alt=""
            src="./images/cover_image.jpeg"
          />
        </div>
        <div
          className="card-text-title"
        >
          Harry Potter and the Goblet of Fire (Harry Potter, #4)
        </div>
        <div
          className="card-footer"
        >
          <div
            className="card-text-rating"
          >
            4.53
          </div>
          <div
            className="card-like"
          >
            <div
              className="card-reaction"
            >
              <img
                alt="Press for like"
                className="icon-heart"
                onClick={[Function]}
                src="./icons/heart-black.svg"
              />
            </div>
          </div>
        </div>
      </div>
      <div
        className="card-body"
      >
        <div
          className="card-image"
        >
          <img
            alt=""
            src="./images/cover_image.jpeg"
          />
        </div>
        <div
          className="card-text-title"
        >
          Harry Potter and the Order of the Phoenix (Harry Potter, #5)
        </div>
        <div
          className="card-footer"
        >
          <div
            className="card-text-rating"
          >
            4.47
          </div>
          <div
            className="card-like"
          >
            <div
              className="card-reaction"
            >
              <img
                alt="Press for like"
                className="icon-heart"
                onClick={[Function]}
                src="./icons/heart-black.svg"
              />
            </div>
          </div>
        </div>
      </div>
      <div
        className="card-body1"
      >
        <div
          className="card-image"
        >
          <img
            alt=""
            src="./images/cover_image.jpeg"
          />
        </div>
        <div
          className="card-text-title"
        >
          Harry Potter and the Half-Blood Prince (Harry Potter, #6)
        </div>
        <div
          className="card-footer"
        >
          <div
            className="card-text-rating"
          >
            4.54
          </div>
          <div
            className="card-like"
          >
            <div
              className="card-reaction"
            >
              <img
                alt="Press for like"
                className="icon-heart"
                onClick={[Function]}
                src="./icons/heart-black.svg"
              />
            </div>
          </div>
        </div>
      </div>
      <div
        className="card-body"
      >
        <div
          className="card-image"
        >
          <img
            alt=""
            src="./images/cover_image.jpeg"
          />
        </div>
        <div
          className="card-text-title"
        >
          Harry Potter and the Deathly Hallows (Harry Potter, #7)
        </div>
        <div
          className="card-footer"
        >
          <div
            className="card-text-rating"
          >
            4.62
          </div>
          <div
            className="card-like"
          >
            <div
              className="card-reaction"
            >
              <img
                alt="Press for like"
                className="icon-heart"
                onClick={[Function]}
                src="./icons/heart-black.svg"
              />
            </div>
          </div>
        </div>
      </div>
    </div>
  </fieldset>
</div>
`;
